// Jest Snapshot v1, https://goo.gl/fbAQLP

exports[`renders learn react link 1`] = `
<DocumentFragment>
  <div
    class="App"
  >
    <div
      id="Nav"
    >
      <div
        class="justify-content-center nav"
      >
        <h1>
           Weather Info
        </h1>
        <div
          class="nav-item"
        >
          <a
            class="nav-link"
            data-rr-ui-event-key="#App-header"
            href="#App-header"
            id="Nav"
          >
            Home
          </a>
        </div>
        <div
          class="nav-item"
        >
          <a
            class="nav-link"
            data-rr-ui-event-key="#footer"
            href="#footer"
            id="Nav"
          >
            Team
          </a>
        </div>
        <div
          class="nav-item"
        >
          <a
            class="nav-link"
            href="#"
            id="Nav"
            role="button"
            tabindex="0"
          >
             Change Mode 
          </a>
        </div>
      </div>
    </div>
    <header
      class="App-header"
    >
      <div
        class="d-flex justify-content-center"
      >
        <label
          for="city"
        >
          Zip Code : 
        </label>
        <input
          id="city"
          placeholder="Example: 31907"
          type="text"
        />
        <button
          class="btn btn-warning"
          type="button"
        >
          Submit
        </button>
      </div>
      <br />
      <div
        class="customCardList scrolls card-group"
      />
    </header>
    <div
      id="footer"
    >
      <p
        id="footer"
      >
        MRA Â© May 2023 
      </p>
      This is a group project by :
      <p
        id="footer"
      >
        Adeola Ogundipe
      </p>
      <p
        id="footer"
      >
        Raj Kotak
      </p>
      <p
        id="footer"
      >
        Mckenna Koetitz
      </p>
    </div>
  </div>
</DocumentFragment>
`;
